// Jest Snapshot v1, https://goo.gl/fbAQLP

exports[`CSSGen should generate css for classes like \`clearfix\` 1`] = `
"content: \\"\\";
               display: table;
               clear: both;-webkit-font-smoothing: antialiased;
                  -moz-osx-font-smoothing: grayscale;"
`;

exports[`CSSGen should generate css for classes like \`float-right\` 1`] = `"float: right;overflow-x: auto;"`;

exports[`CSSGen should generate css for classes like \`mt-10\` 1`] = `"margin-top: 1.25rem;margin: 0;padding-top: 0.25rem;padding: 0;"`;
